../Core/Src/main.c:71:6:sensor_read	8	static
../Core/Src/main.c:82:6:past_errors	24	static
../Core/Src/main.c:87:5:errors_integral	24	static
../Core/Src/main.c:96:6:setDir	16	static
../Core/Src/main.c:118:6:turn	8	static
../Core/Src/main.c:149:6:pid_left	32	static
../Core/Src/main.c:183:5:main	8	static
../Core/Src/main.c:235:6:SystemClock_Config	88	static
../Core/Src/main.c:282:13:MX_ADC1_Init	24	static
../Core/Src/main.c:361:13:MX_TIM2_Init	64	static
../Core/Src/main.c:424:13:MX_TIM4_Init	64	static
../Core/Src/main.c:485:13:MX_DMA_Init	16	static
../Core/Src/main.c:503:13:MX_GPIO_Init	24	static
../Core/Src/main.c:521:6:Error_Handler	4	static,ignoring_inline_asm
